[23:38:09] [main/INFO] (FabricLoader/GameProvider) Loading Minecraft 1.21.8 with Fabric Loader 0.16.14
[23:38:09] [main/INFO] (FabricLoader) Loading 51 mods:
	- fabric-api 0.131.0+1.21.8
	- fabric-api-base 0.5.0+cd8c0daa2c
	- fabric-api-lookup-api-v1 1.6.101+946bf4c32c
	- fabric-biome-api-v1 16.0.11+946bf4c32c
	- fabric-block-api-v1 1.1.3+946bf4c32c
	- fabric-block-view-api-v2 1.0.31+946bf4c32c
	- fabric-client-gametest-api-v1 4.2.5+8a98c3fc2c
	- fabric-command-api-v2 2.3.1+52fff9ec2c
	- fabric-content-registries-v0 10.0.19+946bf4c32c
	- fabric-convention-tags-v1 2.1.41+7f945d5b2c
	- fabric-convention-tags-v2 2.15.6+eb5df52f2c
	- fabric-crash-report-info-v1 0.3.15+946bf4c32c
	- fabric-data-attachment-api-v1 1.8.11+946bf4c32c
	- fabric-data-generation-api-v1 23.2.6+0b1ef9762c
	- fabric-dimensions-v1 4.0.19+946bf4c32c
	- fabric-entity-events-v1 2.1.2+c9e472732c
	- fabric-events-interaction-v0 4.0.24+946bf4c32c
	- fabric-game-rule-api-v1 1.0.73+c64c9c5b2c
	- fabric-gametest-api-v1 3.1.10+39ce47f52c
	- fabric-item-api-v1 11.5.0+02ce13f42c
	- fabric-item-group-api-v1 4.2.14+c5f9bbc12c
	- fabric-key-binding-api-v1 1.0.65+946bf4c32c
	- fabric-lifecycle-events-v1 2.6.4+db4dfd852c
	- fabric-loot-api-v2 3.0.56+3f89f5a52c
	- fabric-loot-api-v3 2.0.3+946bf4c32c
	- fabric-message-api-v1 6.1.2+946bf4c32c
	- fabric-model-loading-api-v1 5.2.6+946bf4c32c
	- fabric-networking-api-v1 5.0.2+946bf4c32c
	- fabric-object-builder-api-v1 21.1.8+946bf4c32c
	- fabric-particles-v1 4.1.8+946bf4c32c
	- fabric-recipe-api-v1 8.1.15+946bf4c32c
	- fabric-registry-sync-v0 6.1.28+946bf4c32c
	- fabric-renderer-api-v1 7.0.3+208eed172c
	- fabric-renderer-indigo 4.0.3+946bf4c32c
	- fabric-rendering-fluids-v1 3.1.31+fa6cb72b2c
	- fabric-rendering-v1 12.5.0+fbe231d52c
	- fabric-resource-conditions-api-v1 5.0.25+98e6d6db2c
	- fabric-resource-loader-v0 3.1.12+020423442c
	- fabric-screen-api-v1 2.1.1+277ecf7d2c
	- fabric-screen-handler-api-v1 1.3.137+946bf4c32c
	- fabric-sound-api-v1 1.0.42+946bf4c32c
	- fabric-tag-api-v1 1.2.2+946bf4c32c
	- fabric-transfer-api-v1 6.0.6+946bf4c32c
	- fabric-transitive-access-wideners-v1 6.4.1+ac3e15d12c
	- fabricloader 0.16.14
	- fancytoasts 1.2.0
	- jade 19.1.0+fabric
	- java 21
	- minecraft 1.21.8
	- mixinextras 0.4.1
	- modmenu 15.0.0-beta.3
[23:38:13] [main/INFO] (FabricLoader/Mixin) SpongePowered MIXIN Subsystem Version=0.8.7 Source=file:/C:/Users/Markv/.gradle/caches/modules-2/files-2.1/net.fabricmc/sponge-mixin/0.15.5+mixin.0.8.7/22f9eb729e216a091673a574a5906dc1b9027fb3/sponge-mixin-0.15.5+mixin.0.8.7.jar Service=Knot/Fabric Env=CLIENT
[23:38:13] [main/INFO] (FabricLoader/Mixin) Loaded Fabric development mappings for mixin remapper!
[23:38:13] [main/INFO] (FabricLoader/Mixin) Compatibility level set to JAVA_21
[23:38:14] [main/INFO] (FabricLoader/MixinExtras|Service) Initializing MixinExtras via com.llamalad7.mixinextras.service.MixinExtrasServiceImpl(version=0.4.1).
[23:38:16] [Datafixer Bootstrap/INFO] (Minecraft) 269 Datafixer optimizations took 519 milliseconds
[23:38:21] [Render thread/INFO] (Minecraft) Environment: Environment[sessionHost=https://sessionserver.mojang.com, servicesHost=https://api.minecraftservices.com, name=PROD]
[23:38:21] [Render thread/INFO] (Minecraft) Setting user: Player368
[23:38:21] [Render thread/INFO] (Indigo) [Indigo] Registering Indigo renderer!
[23:38:21] [Render thread/INFO] (Mod Menu/Update Checker) Checking mod updates...
[23:38:21] [Render thread/INFO] (fancytoasts) fancytoasts config file is loaded.
[23:38:21] [Render thread/INFO] (fancytoasts) fancytoasts client is initialized.
[23:38:21] [ModMenu/Update Checker/Fabric Loader/INFO] (Mod Menu/Update Checker) Update available for 'fabricloader@0.16.14'
[23:38:22] [Worker-Main-1/INFO] (Mod Menu/Update Checker) Update available for 'jade@19.1.0+fabric', (-> 19.1.1+fabric)
[23:38:22] [Render thread/INFO] (Minecraft) Backend library: LWJGL version 3.3.3-snapshot
[23:38:22] [Render thread/INFO] (Minecraft) Using optional rendering extensions: GL_ARB_buffer_storage, GL_KHR_debug, GL_ARB_vertex_attrib_binding, GL_ARB_direct_state_access
[23:38:23] [Render thread/INFO] (Minecraft) Reloading ResourceManager: vanilla, fabric, fabric-api, fabric-api-base, fabric-api-lookup-api-v1, fabric-biome-api-v1, fabric-block-api-v1, fabric-block-view-api-v2, fabric-client-gametest-api-v1, fabric-command-api-v2, fabric-content-registries-v0, fabric-convention-tags-v1, fabric-convention-tags-v2, fabric-crash-report-info-v1, fabric-data-attachment-api-v1, fabric-data-generation-api-v1, fabric-dimensions-v1, fabric-entity-events-v1, fabric-events-interaction-v0, fabric-game-rule-api-v1, fabric-gametest-api-v1, fabric-item-api-v1, fabric-item-group-api-v1, fabric-key-binding-api-v1, fabric-lifecycle-events-v1, fabric-loot-api-v2, fabric-loot-api-v3, fabric-message-api-v1, fabric-model-loading-api-v1, fabric-networking-api-v1, fabric-object-builder-api-v1, fabric-particles-v1, fabric-recipe-api-v1, fabric-registry-sync-v0, fabric-renderer-api-v1, fabric-renderer-indigo, fabric-rendering-fluids-v1, fabric-rendering-v1, fabric-resource-conditions-api-v1, fabric-resource-loader-v0, fabric-screen-api-v1, fabric-screen-handler-api-v1, fabric-sound-api-v1, fabric-tag-api-v1, fabric-transfer-api-v1, fabric-transitive-access-wideners-v1, fabricloader, fancytoasts, jade, modmenu
[23:38:23] [Worker-Main-10/INFO] (Minecraft) Found unifont_pua-16.0.03.hex, loading
[23:38:23] [Worker-Main-9/INFO] (Minecraft) Found unifont_all_no_pua-16.0.03.hex, loading
[23:38:23] [Render thread/INFO] (Jade) Start loading plugin from Jade: snownee.jade.addon.core.CorePlugin
[23:38:23] [Render thread/INFO] (Jade) snownee.jade.addon.core.CorePlugin loaded: 11.35 ms
[23:38:23] [Render thread/INFO] (Jade) Start loading plugin from Jade: snownee.jade.addon.vanilla.VanillaPlugin
[23:38:23] [Render thread/INFO] (Jade) snownee.jade.addon.vanilla.VanillaPlugin loaded: 57.11 ms
[23:38:23] [Render thread/INFO] (Jade) Start loading plugin from Jade: snownee.jade.addon.universal.UniversalPlugin
[23:38:23] [Render thread/INFO] (Jade) snownee.jade.addon.universal.UniversalPlugin loaded: 18.68 ms
[23:38:23] [Render thread/INFO] (Jade) Start loading plugin from Jade: snownee.jade.addon.access.AccessibilityPlugin
[23:38:23] [Render thread/INFO] (Jade) snownee.jade.addon.access.AccessibilityPlugin loaded: 6.171 ms
[23:38:23] [Render thread/INFO] (Jade) Start loading plugin from Jade: snownee.jade.addon.debug.DebugPlugin
[23:38:23] [Render thread/INFO] (Jade) snownee.jade.addon.debug.DebugPlugin loaded: 6.356 ms
[23:38:23] [Worker-Main-2/INFO] (Minecraft) Found unifont_jp_patch-16.0.03.hex, loading
[23:38:24] [Render thread/INFO] (Minecraft) OpenAL initialized on device OpenAL Soft on Динамики (2- Sound Blaster G3)
[23:38:24] [Render thread/INFO] (Minecraft) Sound engine started
[23:38:24] [Render thread/INFO] (Minecraft) Created: 1024x512x3 minecraft:textures/atlas/blocks.png-atlas
[23:38:24] [Render thread/INFO] (Minecraft) Created: 256x256x3 minecraft:textures/atlas/signs.png-atlas
[23:38:24] [Render thread/INFO] (Minecraft) Created: 512x512x3 minecraft:textures/atlas/shield_patterns.png-atlas
[23:38:24] [Render thread/INFO] (Minecraft) Created: 512x512x3 minecraft:textures/atlas/banner_patterns.png-atlas
[23:38:24] [Render thread/INFO] (Minecraft) Created: 2048x1024x3 minecraft:textures/atlas/armor_trims.png-atlas
[23:38:24] [Render thread/INFO] (Minecraft) Created: 128x64x3 minecraft:textures/atlas/decorated_pot.png-atlas
[23:38:24] [Render thread/INFO] (Minecraft) Created: 256x256x3 minecraft:textures/atlas/chest.png-atlas
[23:38:24] [Render thread/INFO] (Minecraft) Created: 512x256x3 minecraft:textures/atlas/shulker_boxes.png-atlas
[23:38:24] [Render thread/INFO] (Minecraft) Created: 512x256x3 minecraft:textures/atlas/beds.png-atlas
[23:38:24] [Render thread/INFO] (Minecraft) Created: 64x64x0 minecraft:textures/atlas/map_decorations.png-atlas
[23:38:24] [Render thread/INFO] (Minecraft) Created: 512x256x0 minecraft:textures/atlas/particles.png-atlas
[23:38:24] [Render thread/INFO] (Minecraft) Created: 512x256x0 minecraft:textures/atlas/paintings.png-atlas
[23:38:24] [Render thread/INFO] (Minecraft) Created: 1024x1024x0 minecraft:textures/atlas/gui.png-atlas
[23:38:28] [Render thread/INFO] (Minecraft) Loaded 1407 recipes
[23:38:28] [Render thread/INFO] (Minecraft) Loaded 1520 advancements
[23:38:28] [Render thread/INFO] (BiomeModificationImpl) Applied 0 biome modifications to 0 of 65 new biomes in 1.145 ms
[23:38:28] [Server thread/INFO] (Minecraft) Starting integrated minecraft server version 1.21.8
[23:38:28] [Server thread/INFO] (Minecraft) Generating keypair
[23:38:29] [Server thread/INFO] (Minecraft) Preparing start region for dimension minecraft:overworld
[23:38:30] [Render thread/INFO] (Minecraft) Preparing spawn area: 0%
[23:38:30] [Render thread/INFO] (Minecraft) Preparing spawn area: 0%
[23:38:30] [Render thread/INFO] (Minecraft) Time elapsed: 998 ms
[23:38:30] [Server thread/INFO] (Minecraft) Changing view distance to 8, from 10
[23:38:30] [Server thread/INFO] (Minecraft) Changing simulation distance to 8, from 0
[23:38:31] [Server thread/INFO] (Minecraft) Player368[local:E:7d16cfcd] logged in with entity id 13 at (1200.2082943572118, 108.16610926093821, 139.22111226165245)
[23:38:31] [Server thread/INFO] (Minecraft) Player368 joined the game
[23:38:31] [Server thread/INFO] (Minecraft) Player368 has completed the challenge [Serious Dedication]
[23:38:31] [Render thread/INFO] (Minecraft) [System] [CHAT] Player368 has completed the challenge [Serious Dedication]
[23:38:31] [Render thread/INFO] (Minecraft) Loaded 10 advancements
[23:38:31] [Render thread/INFO] (Jade) Received config from the server: {}
[23:38:31] [Render thread/INFO] (Minecraft) Resizing Dynamic Transforms UBO, capacity limit of 2 reached during a single frame. New capacity will be 4.
[23:38:31] [Render thread/INFO] (Minecraft) Resizing Dynamic Transforms UBO, capacity limit of 4 reached during a single frame. New capacity will be 8.
[23:38:31] [Render thread/INFO] (Minecraft) Resizing Dynamic Transforms UBO, capacity limit of 8 reached during a single frame. New capacity will be 16.
[23:38:31] [Render thread/INFO] (Minecraft) Resizing Dynamic Transforms UBO, capacity limit of 16 reached during a single frame. New capacity will be 32.
[23:38:31] [Render thread/INFO] (Minecraft) Resizing Dynamic Transforms UBO, capacity limit of 32 reached during a single frame. New capacity will be 64.
[23:38:31] [Render thread/INFO] (Minecraft) Resizing Dynamic Transforms UBO, capacity limit of 64 reached during a single frame. New capacity will be 128.
[23:38:31] [Render thread/INFO] (Minecraft) Resizing Dynamic Transforms UBO, capacity limit of 128 reached during a single frame. New capacity will be 256.
[23:38:32] [Render thread/INFO] (Minecraft) Resizing Dynamic Transforms UBO, capacity limit of 256 reached during a single frame. New capacity will be 512.
[23:38:33] [Server thread/INFO] (Minecraft) Player368 has made the advancement [A Seedy Place]
[23:38:33] [Render thread/INFO] (Minecraft) [System] [CHAT] Player368 has made the advancement [A Seedy Place]
[23:38:33] [Render thread/INFO] (Minecraft) Loaded 11 advancements
[23:38:37] [Render thread/INFO] (Minecraft) Resizing Dynamic Transforms UBO, capacity limit of 512 reached during a single frame. New capacity will be 1024.
[23:38:41] [Server thread/INFO] (Minecraft) [@: Revoked the advancement [Hired Help] from Player368]
[23:38:41] [Server thread/INFO] (Minecraft) Player368 has reached the goal [Hired Help]
[23:38:41] [Server thread/INFO] (Minecraft) [@: Granted the advancement [Hired Help] to Player368]
[23:38:41] [Render thread/INFO] (Minecraft) [System] [CHAT] [@: Revoked the advancement [Hired Help] from Player368]
[23:38:41] [Render thread/INFO] (Minecraft) [System] [CHAT] Player368 has reached the goal [Hired Help]
[23:38:41] [Render thread/INFO] (Minecraft) [System] [CHAT] [@: Granted the advancement [Hired Help] to Player368]
[23:38:41] [Render thread/INFO] (Minecraft) Loaded 11 advancements
[23:38:46] [Server thread/INFO] (Minecraft) Player368 has made the advancement [Minecraft: Trial(s) Edition]
[23:38:46] [Server thread/INFO] (Minecraft) [@: Granted the advancement [Minecraft: Trial(s) Edition] to Player368]
[23:38:46] [Render thread/INFO] (Minecraft) [System] [CHAT] Player368 has made the advancement [Minecraft: Trial(s) Edition]
[23:38:46] [Render thread/INFO] (Minecraft) [System] [CHAT] [@: Granted the advancement [Minecraft: Trial(s) Edition] to Player368]
[23:38:46] [Render thread/INFO] (Minecraft) Loaded 18 advancements
[23:38:47] [Server thread/INFO] (Minecraft) Player368 has completed the challenge [Blowback]
[23:38:47] [Server thread/INFO] (Minecraft) [@: Granted the advancement [Blowback] to Player368]
[23:38:47] [Render thread/INFO] (Minecraft) [System] [CHAT] Player368 has completed the challenge [Blowback]
[23:38:47] [Render thread/INFO] (Minecraft) [System] [CHAT] [@: Granted the advancement [Blowback] to Player368]
[23:38:47] [Render thread/INFO] (Minecraft) Loaded 18 advancements
[23:39:00] [Server thread/INFO] (Minecraft) Saving and pausing game...
[23:39:00] [Server thread/INFO] (Minecraft) Saving chunks for level 'ServerLevel[Test World]'/minecraft:overworld
[23:39:00] [Server thread/INFO] (Minecraft) Saving chunks for level 'ServerLevel[Test World]'/minecraft:the_end
[23:39:00] [Server thread/INFO] (Minecraft) Saving chunks for level 'ServerLevel[Test World]'/minecraft:the_nether
[23:39:04] [Server thread/INFO] (Minecraft) [Player368: Set own game mode to Spectator Mode]
[23:39:04] [Render thread/INFO] (Minecraft) [System] [CHAT] Set own game mode to Spectator Mode
[23:39:05] [Server thread/INFO] (Minecraft) [Player368: Set own game mode to Survival Mode]
[23:39:05] [Render thread/INFO] (Minecraft) [System] [CHAT] Set own game mode to Survival Mode
[23:39:06] [Server thread/INFO] (Minecraft) [@: Revoked the advancement [Hired Help] from Player368]
[23:39:06] [Server thread/INFO] (Minecraft) Player368 has reached the goal [Hired Help]
[23:39:06] [Server thread/INFO] (Minecraft) [@: Granted the advancement [Hired Help] to Player368]
[23:39:06] [Render thread/INFO] (Minecraft) [System] [CHAT] [@: Revoked the advancement [Hired Help] from Player368]
[23:39:06] [Render thread/INFO] (Minecraft) [System] [CHAT] Player368 has reached the goal [Hired Help]
[23:39:06] [Render thread/INFO] (Minecraft) [System] [CHAT] [@: Granted the advancement [Hired Help] to Player368]
[23:39:06] [Render thread/INFO] (Minecraft) Loaded 18 advancements
[23:39:11] [Server thread/INFO] (Minecraft) Saving and pausing game...
[23:39:11] [Server thread/INFO] (Minecraft) Saving chunks for level 'ServerLevel[Test World]'/minecraft:overworld
[23:39:11] [Server thread/INFO] (Minecraft) Saving chunks for level 'ServerLevel[Test World]'/minecraft:the_end
[23:39:11] [Server thread/INFO] (Minecraft) Saving chunks for level 'ServerLevel[Test World]'/minecraft:the_nether
[23:39:22] [Server thread/INFO] (Minecraft) [@: Revoked the advancement [Minecraft: Trial(s) Edition] from Player368]
[23:39:22] [Server thread/INFO] (Minecraft) Player368 has made the advancement [Minecraft: Trial(s) Edition]
[23:39:22] [Server thread/INFO] (Minecraft) [@: Granted the advancement [Minecraft: Trial(s) Edition] to Player368]
[23:39:22] [Render thread/INFO] (Minecraft) [System] [CHAT] [@: Revoked the advancement [Minecraft: Trial(s) Edition] from Player368]
[23:39:22] [Render thread/INFO] (Minecraft) [System] [CHAT] Player368 has made the advancement [Minecraft: Trial(s) Edition]
[23:39:22] [Render thread/INFO] (Minecraft) [System] [CHAT] [@: Granted the advancement [Minecraft: Trial(s) Edition] to Player368]
[23:39:22] [Render thread/INFO] (Minecraft) Loaded 18 advancements
[23:39:27] [Server thread/INFO] (Minecraft) Saving and pausing game...
[23:39:27] [Server thread/INFO] (Minecraft) Saving chunks for level 'ServerLevel[Test World]'/minecraft:overworld
[23:39:27] [Server thread/INFO] (Minecraft) Saving chunks for level 'ServerLevel[Test World]'/minecraft:the_end
[23:39:27] [Server thread/INFO] (Minecraft) Saving chunks for level 'ServerLevel[Test World]'/minecraft:the_nether
[23:39:32] [Server thread/INFO] (Minecraft) [@: Revoked the advancement [Blowback] from Player368]
[23:39:32] [Server thread/INFO] (Minecraft) Player368 has completed the challenge [Blowback]
[23:39:32] [Server thread/INFO] (Minecraft) [@: Granted the advancement [Blowback] to Player368]
[23:39:32] [Render thread/INFO] (Minecraft) [System] [CHAT] [@: Revoked the advancement [Blowback] from Player368]
[23:39:32] [Render thread/INFO] (Minecraft) [System] [CHAT] Player368 has completed the challenge [Blowback]
[23:39:32] [Render thread/INFO] (Minecraft) [System] [CHAT] [@: Granted the advancement [Blowback] to Player368]
[23:39:32] [Render thread/INFO] (Minecraft) Loaded 18 advancements
[23:39:36] [Server thread/INFO] (Minecraft) Saving and pausing game...
[23:39:36] [Server thread/INFO] (Minecraft) Saving chunks for level 'ServerLevel[Test World]'/minecraft:overworld
[23:39:36] [Server thread/INFO] (Minecraft) Saving chunks for level 'ServerLevel[Test World]'/minecraft:the_end
[23:39:36] [Server thread/INFO] (Minecraft) Saving chunks for level 'ServerLevel[Test World]'/minecraft:the_nether
[23:40:07] [Server thread/INFO] (Minecraft) [@: Revoked the advancement [Minecraft: Trial(s) Edition] from Player368]
[23:40:07] [Server thread/INFO] (Minecraft) Player368 has made the advancement [Minecraft: Trial(s) Edition]
[23:40:07] [Server thread/INFO] (Minecraft) [@: Granted the advancement [Minecraft: Trial(s) Edition] to Player368]
[23:40:07] [Render thread/INFO] (Minecraft) [System] [CHAT] [@: Revoked the advancement [Minecraft: Trial(s) Edition] from Player368]
[23:40:07] [Render thread/INFO] (Minecraft) [System] [CHAT] Player368 has made the advancement [Minecraft: Trial(s) Edition]
[23:40:07] [Render thread/INFO] (Minecraft) [System] [CHAT] [@: Granted the advancement [Minecraft: Trial(s) Edition] to Player368]
[23:40:07] [Render thread/INFO] (Minecraft) Loaded 18 advancements
[23:43:44] [Server thread/INFO] (Minecraft) [Player368: Set own game mode to Spectator Mode]
[23:43:44] [Render thread/INFO] (Minecraft) [System] [CHAT] Set own game mode to Spectator Mode
[23:43:46] [Server thread/INFO] (Minecraft) [Player368: Set own game mode to Survival Mode]
[23:43:46] [Render thread/INFO] (Minecraft) [System] [CHAT] Set own game mode to Survival Mode
[23:43:47] [Server thread/INFO] (Minecraft) Player368 has made the advancement [Monster Hunter]
[23:43:47] [Server thread/INFO] (Minecraft) [@: Granted the advancement [Monster Hunter] to Player368]
[23:43:47] [Render thread/INFO] (Minecraft) [System] [CHAT] Player368 has made the advancement [Monster Hunter]
[23:43:47] [Render thread/INFO] (Minecraft) [System] [CHAT] [@: Granted the advancement [Monster Hunter] to Player368]
[23:43:47] [Render thread/INFO] (Minecraft) Loaded 27 advancements
[23:43:55] [Server thread/INFO] (Minecraft) [@: Revoked the advancement [Hired Help] from Player368]
[23:43:55] [Server thread/INFO] (Minecraft) Player368 has reached the goal [Hired Help]
[23:43:55] [Server thread/INFO] (Minecraft) [@: Granted the advancement [Hired Help] to Player368]
[23:43:55] [Render thread/INFO] (Minecraft) [System] [CHAT] [@: Revoked the advancement [Hired Help] from Player368]
[23:43:55] [Render thread/INFO] (Minecraft) [System] [CHAT] Player368 has reached the goal [Hired Help]
[23:43:55] [Render thread/INFO] (Minecraft) [System] [CHAT] [@: Granted the advancement [Hired Help] to Player368]
[23:43:55] [Render thread/INFO] (Minecraft) Loaded 27 advancements
[23:44:01] [Server thread/INFO] (Minecraft) [@: Revoked the advancement [Blowback] from Player368]
[23:44:01] [Server thread/INFO] (Minecraft) Player368 has completed the challenge [Blowback]
[23:44:01] [Server thread/INFO] (Minecraft) [@: Granted the advancement [Blowback] to Player368]
[23:44:01] [Render thread/INFO] (Minecraft) [System] [CHAT] [@: Revoked the advancement [Blowback] from Player368]
[23:44:01] [Render thread/INFO] (Minecraft) [System] [CHAT] Player368 has completed the challenge [Blowback]
[23:44:01] [Render thread/INFO] (Minecraft) [System] [CHAT] [@: Granted the advancement [Blowback] to Player368]
[23:44:01] [Render thread/INFO] (Minecraft) Loaded 27 advancements
[23:44:10] [Server thread/INFO] (Minecraft) Saving and pausing game...
[23:44:10] [Server thread/INFO] (Minecraft) Saving chunks for level 'ServerLevel[Test World]'/minecraft:overworld
[23:44:10] [Server thread/INFO] (Minecraft) Saving chunks for level 'ServerLevel[Test World]'/minecraft:the_end
[23:44:10] [Server thread/INFO] (Minecraft) Saving chunks for level 'ServerLevel[Test World]'/minecraft:the_nether
[23:44:11] [Render thread/INFO] (Minecraft) Stopping!
[23:44:11] [Server thread/INFO] (Minecraft) Player368 lost connection: Disconnected
[23:44:11] [Server thread/INFO] (Minecraft) Player368 left the game
[23:44:11] [Server thread/INFO] (Minecraft) Stopping singleplayer server as player logged out
[23:44:11] [Server thread/INFO] (Minecraft) Stopping server
[23:44:11] [Server thread/INFO] (Minecraft) Saving players
[23:44:11] [Server thread/INFO] (Minecraft) Saving worlds
[23:44:11] [Server thread/INFO] (Minecraft) Saving chunks for level 'ServerLevel[Test World]'/minecraft:overworld
[23:44:11] [Server thread/INFO] (Minecraft) Saving chunks for level 'ServerLevel[Test World]'/minecraft:the_end
[23:44:11] [Server thread/INFO] (Minecraft) Saving chunks for level 'ServerLevel[Test World]'/minecraft:the_nether
[23:44:11] [Server thread/INFO] (Minecraft) ThreadedAnvilChunkStorage (Test World): All chunks are saved
[23:44:11] [Server thread/INFO] (Minecraft) ThreadedAnvilChunkStorage (DIM1): All chunks are saved
[23:44:11] [Server thread/INFO] (Minecraft) ThreadedAnvilChunkStorage (DIM-1): All chunks are saved
[23:44:11] [Server thread/INFO] (Minecraft) ThreadedAnvilChunkStorage: All dimensions are saved
